Archive member included to satisfy reference by file (symbol)

c:/nxp/mcuxpressoide_10.2.1_795/ide/tools/bin/../lib/gcc/arm-none-eabi/7.2.1/../../../../arm-none-eabi/lib/thumb/v7e-m\libcr_semihost_nf.a(_cr__main.o)
                              ./startup/startup_mk60d10.o (__main)
c:/nxp/mcuxpressoide_10.2.1_795/ide/tools/bin/../lib/gcc/arm-none-eabi/7.2.1/../../../../arm-none-eabi/lib/thumb/v7e-m\libcr_semihost_nf.a(_cr_assert.o)
                              ./source/xstupi00.o (__assertion_failed)
c:/nxp/mcuxpressoide_10.2.1_795/ide/tools/bin/../lib/gcc/arm-none-eabi/7.2.1/../../../../arm-none-eabi/lib/thumb/v7e-m\libcr_semihost_nf.a(__ciob.o)
                              c:/nxp/mcuxpressoide_10.2.1_795/ide/tools/bin/../lib/gcc/arm-none-eabi/7.2.1/../../../../arm-none-eabi/lib/thumb/v7e-m\libcr_semihost_nf.a(_cr_assert.o) (__Ciob)
c:/nxp/mcuxpressoide_10.2.1_795/ide/tools/bin/../lib/gcc/arm-none-eabi/7.2.1/../../../../arm-none-eabi/lib/thumb/v7e-m\libcr_semihost_nf.a(__sys_appexit.o)
                              c:/nxp/mcuxpressoide_10.2.1_795/ide/tools/bin/../lib/gcc/arm-none-eabi/7.2.1/../../../../arm-none-eabi/lib/thumb/v7e-m\libcr_semihost_nf.a(_cr_assert.o) (__sys_appexit)
c:/nxp/mcuxpressoide_10.2.1_795/ide/tools/bin/../lib/gcc/arm-none-eabi/7.2.1/../../../../arm-none-eabi/lib/thumb/v7e-m\libcr_c.a(memcpy.o)
                              ./drivers/fsl_flash.o (memcpy)
c:/nxp/mcuxpressoide_10.2.1_795/ide/tools/bin/../lib/gcc/arm-none-eabi/7.2.1/../../../../arm-none-eabi/lib/thumb/v7e-m\libcr_c.a(memset.o)
                              ./drivers/fsl_flash.o (memset)
c:/nxp/mcuxpressoide_10.2.1_795/ide/tools/bin/../lib/gcc/arm-none-eabi/7.2.1/../../../../arm-none-eabi/lib/thumb/v7e-m\libcr_c.a(_deferredlazyseek.o)
                              c:/nxp/mcuxpressoide_10.2.1_795/ide/tools/bin/../lib/gcc/arm-none-eabi/7.2.1/../../../../arm-none-eabi/lib/thumb/v7e-m\libcr_semihost_nf.a(_cr_assert.o) (__flsbuf)
c:/nxp/mcuxpressoide_10.2.1_795/ide/tools/bin/../lib/gcc/arm-none-eabi/7.2.1/../../../../arm-none-eabi/lib/thumb/v7e-m\libcr_c.a(_fflush.o)
                              c:/nxp/mcuxpressoide_10.2.1_795/ide/tools/bin/../lib/gcc/arm-none-eabi/7.2.1/../../../../arm-none-eabi/lib/thumb/v7e-m\libcr_c.a(_deferredlazyseek.o) (_fflush)
c:/nxp/mcuxpressoide_10.2.1_795/ide/tools/bin/../lib/gcc/arm-none-eabi/7.2.1/../../../../arm-none-eabi/lib/thumb/v7e-m\libcr_c.a(_writebuf.o)
                              c:/nxp/mcuxpressoide_10.2.1_795/ide/tools/bin/../lib/gcc/arm-none-eabi/7.2.1/../../../../arm-none-eabi/lib/thumb/v7e-m\libcr_c.a(_deferredlazyseek.o) (_Cwritebuf)
c:/nxp/mcuxpressoide_10.2.1_795/ide/tools/bin/../lib/gcc/arm-none-eabi/7.2.1/../../../../arm-none-eabi/lib/thumb/v7e-m\libcr_c.a(alloc.o)
                              c:/nxp/mcuxpressoide_10.2.1_795/ide/tools/bin/../lib/gcc/arm-none-eabi/7.2.1/../../../../arm-none-eabi/lib/thumb/v7e-m\libcr_c.a(_deferredlazyseek.o) (_Csys_alloc)
c:/nxp/mcuxpressoide_10.2.1_795/ide/tools/bin/../lib/gcc/arm-none-eabi/7.2.1/../../../../arm-none-eabi/lib/thumb/v7e-m\libcr_c.a(fputs.o)
                              c:/nxp/mcuxpressoide_10.2.1_795/ide/tools/bin/../lib/gcc/arm-none-eabi/7.2.1/../../../../arm-none-eabi/lib/thumb/v7e-m\libcr_semihost_nf.a(_cr_assert.o) (fputs)
c:/nxp/mcuxpressoide_10.2.1_795/ide/tools/bin/../lib/gcc/arm-none-eabi/7.2.1/../../../../arm-none-eabi/lib/thumb/v7e-m\libcr_c.a(fseek.o)
                              c:/nxp/mcuxpressoide_10.2.1_795/ide/tools/bin/../lib/gcc/arm-none-eabi/7.2.1/../../../../arm-none-eabi/lib/thumb/v7e-m\libcr_c.a(_deferredlazyseek.o) (fseek)
c:/nxp/mcuxpressoide_10.2.1_795/ide/tools/bin/../lib/gcc/arm-none-eabi/7.2.1/../../../../arm-none-eabi/lib/thumb/v7e-m\libcr_c.a(ftell.o)
                              c:/nxp/mcuxpressoide_10.2.1_795/ide/tools/bin/../lib/gcc/arm-none-eabi/7.2.1/../../../../arm-none-eabi/lib/thumb/v7e-m\libcr_c.a(fseek.o) (ftell)
c:/nxp/mcuxpressoide_10.2.1_795/ide/tools/bin/../lib/gcc/arm-none-eabi/7.2.1/../../../../arm-none-eabi/lib/thumb/v7e-m\libcr_c.a(initio.o)
                              c:/nxp/mcuxpressoide_10.2.1_795/ide/tools/bin/../lib/gcc/arm-none-eabi/7.2.1/../../../../arm-none-eabi/lib/thumb/v7e-m\libcr_semihost_nf.a(_cr__main.o) (_initio)
c:/nxp/mcuxpressoide_10.2.1_795/ide/tools/bin/../lib/gcc/arm-none-eabi/7.2.1/../../../../arm-none-eabi/lib/thumb/v7e-m\libcr_c.a(setvbuf.o)
                              c:/nxp/mcuxpressoide_10.2.1_795/ide/tools/bin/../lib/gcc/arm-none-eabi/7.2.1/../../../../arm-none-eabi/lib/thumb/v7e-m\libcr_c.a(initio.o) (setvbuf)
c:/nxp/mcuxpressoide_10.2.1_795/ide/tools/bin/../lib/gcc/arm-none-eabi/7.2.1/../../../../arm-none-eabi/lib/thumb/v7e-m\libcr_c.a(__init_alloc.o)
                              c:/nxp/mcuxpressoide_10.2.1_795/ide/tools/bin/../lib/gcc/arm-none-eabi/7.2.1/../../../../arm-none-eabi/lib/thumb/v7e-m\libcr_c.a(alloc.o) (__heaps)
[...]
Memory Configuration

Name             Origin             Length             Attributes
PROGRAM_FLASH    0x00000000         0x00080000         xr
SRAM_UPPER       0x20000000         0x00010000         xrw
SRAM_LOWER       0x1fff0000         0x00010000         xrw
FLEX_RAM         0x14000000         0x00001000         xrw
*default*        0x00000000         0xffffffff

Linker script and memory map

LOAD ./utilities/fsl_debug_console.o
LOAD ./startup/startup_mk60d10.o
LOAD ./source/semihost_hardfault.o
LOAD ./source/xstupi00.o
LOAD ./drivers/fsl_clock.o
LOAD ./drivers/fsl_common.o
LOAD ./drivers/fsl_flash.o
LOAD ./drivers/fsl_gpio.o
LOAD ./drivers/fsl_pit.o
LOAD ./drivers/fsl_smc.o
LOAD ./drivers/fsl_uart.o
LOAD ./board/board.o
LOAD ./board/clock_config.o
LOAD ./board/peripherals.o
LOAD ./board/pin_mux.o
LOAD ./CMSIS/system_MK60D10.o
START GROUP
LOAD c:/nxp/mcuxpressoide_10.2.1_795/ide/tools/bin/../lib/gcc/arm-none-eabi/7.2.1/../../../../arm-none-eabi/lib/thumb/v7e-m\libcr_semihost_nf.a
LOAD c:/nxp/mcuxpressoide_10.2.1_795/ide/tools/bin/../lib/gcc/arm-none-eabi/7.2.1/../../../../arm-none-eabi/lib/thumb/v7e-m\libcr_c.a
LOAD c:/nxp/mcuxpressoide_10.2.1_795/ide/tools/bin/../lib/gcc/arm-none-eabi/7.2.1/thumb/v7e-m\libcr_eabihelpers.a
END GROUP
                0x00000000                __base_PROGRAM_FLASH = 0x0
                0x00000000                __base_Flash = 0x0
                0x00080000                __top_PROGRAM_FLASH = 0x80000
                0x00080000                __top_Flash = 0x80000
                0x20000000                __base_SRAM_UPPER = 0x20000000
                0x20000000                __base_RAM = 0x20000000
                0x20010000                __top_SRAM_UPPER = 0x20010000
                0x20010000                __top_RAM = 0x20010000
                0x1fff0000                __base_SRAM_LOWER = 0x1fff0000
                0x1fff0000                __base_RAM2 = 0x1fff0000
                0x20000000                __top_SRAM_LOWER = 0x20000000
                0x20000000                __top_RAM2 = 0x20000000
                0x14000000                __base_FLEX_RAM = 0x14000000
                0x14000000                __base_RAM3 = 0x14000000
                0x14001000                __top_FLEX_RAM = 0x14001000
                0x14001000                __top_RAM3 = 0x14001000

.text           0x00000000     0x2564
 FILL mask 0xff
                0x00000000                __vectors_start__ = ABSOLUTE (.)
 *(.isr_vector)
 .isr_vector    0x00000000      0x1bc ./startup/startup_mk60d10.o
                0x00000000                g_pfnVectors
                0x00000000                __Vectors
                0x000001bc                . = ALIGN (0x4)
                0x000001bc                __section_table_start = .
                0x000001bc                __data_section_table = .
                0x000001bc        0x4 LONG 0x2564 LOADADDR (.data)
                0x000001c0        0x4 LONG 0x20000000 ADDR (.data)
                0x000001c4        0x4 LONG 0x3f8 SIZEOF (.data)
                0x000001c8        0x4 LONG 0x2564 LOADADDR (.data_RAM2)
                0x000001cc        0x4 LONG 0x1fff0000 ADDR (.data_RAM2)
                0x000001d0        0x4 LONG 0x0 SIZEOF (.data_RAM2)
                0x000001d4        0x4 LONG 0x2564 LOADADDR (.data_RAM3)
                0x000001d8        0x4 LONG 0x14000000 ADDR (.data_RAM3)
                0x000001dc        0x4 LONG 0x0 SIZEOF (.data_RAM3)
                0x000001e0                __data_section_table_end = .
                0x000001e0                __bss_section_table = .
                0x000001e0        0x4 LONG 0x200003f8 ADDR (.bss)
                0x000001e4        0x4 LONG 0x8f4 SIZEOF (.bss)
                0x000001e8        0x4 LONG 0x1fff0000 ADDR (.bss_RAM2)
                0x000001ec        0x4 LONG 0x0 SIZEOF (.bss_RAM2)
                0x000001f0        0x4 LONG 0x14000000 ADDR (.bss_RAM3)
                0x000001f4        0x4 LONG 0x0 SIZEOF (.bss_RAM3)
                0x000001f8                __bss_section_table_end = .
                0x000001f8                __section_table_end = .
 *(.after_vectors*)
 .after_vectors.init_data
                0x000001f8       0x1c ./startup/startup_mk60d10.o
                0x000001f8                data_init
 .after_vectors.init_bss
                0x00000214       0x12 ./startup/startup_mk60d10.o
                0x00000214                bss_init
 *fill*         0x00000226        0x2 ff
 .after_vectors.reset
                0x00000228       0x4c ./startup/startup_mk60d10.o
                0x00000228                ResetISR
 .after_vectors
                0x00000274       0x14 ./startup/startup_mk60d10.o
                0x00000274                NMI_Handler
                0x00000278                MemManage_Handler
                0x0000027a                BusFault_Handler
                0x0000027c                UsageFault_Handler
                0x0000027e                SVC_Handler
                0x00000280                DebugMon_Handler
                0x00000282                PendSV_Handler
                0x00000284                SysTick_Handler
                0x00000286                DMA_Error_DriverIRQHandler
                0x00000286                LPTMR0_DriverIRQHandler
                0x00000286                SPI1_DriverIRQHandler
                0x00000286                FTM1_DriverIRQHandler
                0x00000286                FTM2_DriverIRQHandler
                0x00000286                PIT2_DriverIRQHandler
                0x00000286                SDHC_DriverIRQHandler
                0x00000286                I2S0_Tx_DriverIRQHandler
                0x00000286                TSI0_DriverIRQHandler
                0x00000286                RTC_Seconds_DriverIRQHandler
                0x00000286                Reserved109_DriverIRQHandler
                0x00000286                DMA6_DriverIRQHandler
                0x00000286                LLWU_DriverIRQHandler
                0x00000286                MCM_DriverIRQHandler
                0x00000286                MCG_DriverIRQHandler
                0x00000286                ENET_1588_Timer_DriverIRQHandler
                0x00000286                DAC1_DriverIRQHandler
                0x00000286                DMA12_DriverIRQHandler
                0x00000286                CMP1_DriverIRQHandler
                0x00000286                FTM0_DriverIRQHandler
                0x00000286                IntDefaultHandler
                0x00000286                USB0_DriverIRQHandler
                0x00000286                UART5_ERR_DriverIRQHandler
                0x00000286                PORTC_DriverIRQHandler
                0x00000286                DMA11_DriverIRQHandler
                0x00000286                DAC0_DriverIRQHandler
                0x00000286                DMA10_DriverIRQHandler
                0x00000286                CMP2_DriverIRQHandler
                0x00000286                UART2_ERR_DriverIRQHandler
                0x00000286                SPI2_DriverIRQHandler
                0x00000286                LVD_LVW_DriverIRQHandler
                0x00000286                PORTB_DriverIRQHandler
                0x00000286                RNG_DriverIRQHandler
                0x00000286                DMA5_DriverIRQHandler
                0x00000286                DMA4_DriverIRQHandler
                0x00000286                USBDCD_DriverIRQHandler
                0x00000286                UART3_ERR_DriverIRQHandler
                0x00000286                DMA3_DriverIRQHandler
                0x00000286                DMA8_DriverIRQHandler
                0x00000286                DMA9_DriverIRQHandler
                0x00000286                UART0_ERR_DriverIRQHandler
                0x00000286                CMT_DriverIRQHandler
                0x00000286                ADC1_DriverIRQHandler
                0x00000286                PORTA_DriverIRQHandler
                0x00000286                DMA14_DriverIRQHandler
                0x00000286                PIT3_DriverIRQHandler
                0x00000286                PIT1_DriverIRQHandler
                0x00000286                WDOG_EWM_DriverIRQHandler
                0x00000286                PDB0_DriverIRQHandler
                0x00000286                Reserved95_DriverIRQHandler
                0x00000286                RTC_DriverIRQHandler
                0x00000286                I2S0_Rx_DriverIRQHandler
                0x00000286                Read_Collision_DriverIRQHandler
                0x00000286                SWI_DriverIRQHandler
                0x00000286                UART4_ERR_DriverIRQHandler
                0x00000286                DMA0_DriverIRQHandler
                0x00000286                UART0_LON_DriverIRQHandler
                0x00000286                Reserved102_DriverIRQHandler
                0x00000286                DMA1_DriverIRQHandler
                0x00000286                I2C1_DriverIRQHandler
                0x00000286                ENET_Receive_DriverIRQHandler
                0x00000286                DMA13_DriverIRQHandler
                0x00000286                ENET_Error_DriverIRQHandler
                0x00000286                DMA15_DriverIRQHandler
                0x00000286                SPI0_DriverIRQHandler
                0x00000286                ADC0_DriverIRQHandler
                0x00000286                FTFL_DriverIRQHandler
                0x00000286                CMP0_DriverIRQHandler
                0x00000286                CAN0_DriverIRQHandler
                0x00000286                Reserved59_DriverIRQHandler
                0x00000286                PIT0_DriverIRQHandler
                0x00000286                UART1_ERR_DriverIRQHandler
                0x00000286                DMA2_DriverIRQHandler
                0x00000286                ENET_Transmit_DriverIRQHandler
                0x00000286                PORTD_DriverIRQHandler
                0x00000286                PORTE_DriverIRQHandler
                0x00000286                I2C0_DriverIRQHandler
                0x00000286                CAN1_DriverIRQHandler
                0x00000286                DMA7_DriverIRQHandler
                0x00000286                Reserved108_DriverIRQHandler
                0x00000400                . = 0x400
 *fill*         0x00000288      0x178 ff
                0x00000400                PROVIDE (__FLASH_CONFIG_START__, .)
 *(.FlashConfig)
 .FlashConfig   0x00000400       0x10 ./startup/startup_mk60d10.o
                0x00000400                Flash_Config
                0x00000410                PROVIDE (__FLASH_CONFIG_END__, .)
                0x00000001                ASSERT (! ((__FLASH_CONFIG_START__ == __FLASH_CONFIG_END__)), Linker Flash Config Support Enabled, but no .FlashConfig section provided within application)
 *(.text*)
 .text.DMA0_IRQHandler
                0x00000410        0x8 ./startup/startup_mk60d10.o
                0x00000410                DMA0_IRQHandler
 .text.DMA1_IRQHandler
                0x00000418        0x8 ./startup/startup_mk60d10.o
                0x00000418                DMA1_IRQHandler
 .text.DMA2_IRQHandler
                0x00000420        0x8 ./startup/startup_mk60d10.o
                0x00000420                DMA2_IRQHandler
 .text.DMA3_IRQHandler
                0x00000428        0x8 ./startup/startup_mk60d10.o
                0x00000428                DMA3_IRQHandler
 .text.DMA4_IRQHandler
                0x00000430        0x8 ./startup/startup_mk60d10.o
                0x00000430                DMA4_IRQHandler
 .text.DMA5_IRQHandler
                0x00000438        0x8 ./startup/startup_mk60d10.o
                0x00000438                DMA5_IRQHandler
 .text.DMA6_IRQHandler
                0x00000440        0x8 ./startup/startup_mk60d10.o
                0x00000440                DMA6_IRQHandler
 .text.DMA7_IRQHandler
                0x00000448        0x8 ./startup/startup_mk60d10.o
                0x00000448                DMA7_IRQHandler
 .text.DMA8_IRQHandler
                0x00000450        0x8 ./startup/startup_mk60d10.o
                0x00000450                DMA8_IRQHandler
 .text.DMA9_IRQHandler
                0x00000458        0x8 ./startup/startup_mk60d10.o
                0x00000458                DMA9_IRQHandler
 .text.DMA10_IRQHandler
                0x00000460        0x8 ./startup/startup_mk60d10.o
                0x00000460                DMA10_IRQHandler
 .text.DMA11_IRQHandler
                0x00000468        0x8 ./startup/startup_mk60d10.o
                0x00000468                DMA11_IRQHandler
 .text.DMA12_IRQHandler
                0x00000470        0x8 ./startup/startup_mk60d10.o
                0x00000470                DMA12_IRQHandler
 .text.DMA13_IRQHandler
                0x00000478        0x8 ./startup/startup_mk60d10.o
                0x00000478                DMA13_IRQHandler
 .text.DMA14_IRQHandler
                0x00000480        0x8 ./startup/startup_mk60d10.o
                0x00000480                DMA14_IRQHandler
 .text.DMA15_IRQHandler
                0x00000488        0x8 ./startup/startup_mk60d10.o
                0x00000488                DMA15_IRQHandler
 .text.DMA_Error_IRQHandler
                0x00000490        0x8 ./startup/startup_mk60d10.o
                0x00000490                DMA_Error_IRQHandler
 .text.MCM_IRQHandler
                0x00000498        0x8 ./startup/startup_mk60d10.o
                0x00000498                MCM_IRQHandler
 .text.FTFL_IRQHandler
                0x000004a0        0x8 ./startup/startup_mk60d10.o
                0x000004a0                FTFL_IRQHandler
 .text.Read_Collision_IRQHandler
                0x000004a8        0x8 ./startup/startup_mk60d10.o
                0x000004a8                Read_Collision_IRQHandler
 .text.LVD_LVW_IRQHandler
                0x000004b0        0x8 ./startup/startup_mk60d10.o
                0x000004b0                LVD_LVW_IRQHandler
 .text.LLWU_IRQHandler
                0x000004b8        0x8 ./startup/startup_mk60d10.o
                0x000004b8                LLWU_IRQHandler
 .text.WDOG_EWM_IRQHandler
                0x000004c0        0x8 ./startup/startup_mk60d10.o
                0x000004c0                WDOG_EWM_IRQHandler
 .text.RNG_IRQHandler
                0x000004c8        0x8 ./startup/startup_mk60d10.o
                0x000004c8                RNG_IRQHandler
 .text.I2C0_IRQHandler
                0x000004d0        0x8 ./startup/startup_mk60d10.o
                0x000004d0                I2C0_IRQHandler
 .text.I2C1_IRQHandler
                0x000004d8        0x8 ./startup/startup_mk60d10.o
                0x000004d8                I2C1_IRQHandler
 .text.SPI0_IRQHandler
                0x000004e0        0x8 ./startup/startup_mk60d10.o
                0x000004e0                SPI0_IRQHandler
 .text.SPI1_IRQHandler
                0x000004e8        0x8 ./startup/startup_mk60d10.o
                0x000004e8                SPI1_IRQHandler
 .text.SPI2_IRQHandler
                0x000004f0        0x8 ./startup/startup_mk60d10.o
                0x000004f0                SPI2_IRQHandler
 .text.CAN0_ORed_Message_buffer_IRQHandler
                0x000004f8        0x8 ./startup/startup_mk60d10.o
                0x000004f8                CAN0_ORed_Message_buffer_IRQHandler
 .text.CAN0_Bus_Off_IRQHandler
                0x00000500        0x8 ./startup/startup_mk60d10.o
                0x00000500                CAN0_Bus_Off_IRQHandler
 .text.CAN0_Error_IRQHandler
                0x00000508        0x8 ./startup/startup_mk60d10.o
                0x00000508                CAN0_Error_IRQHandler
 .text.CAN0_Tx_Warning_IRQHandler
                0x00000510        0x8 ./startup/startup_mk60d10.o
                0x00000510                CAN0_Tx_Warning_IRQHandler
 .text.CAN0_Rx_Warning_IRQHandler
                0x00000518        0x8 ./startup/startup_mk60d10.o
                0x00000518                CAN0_Rx_Warning_IRQHandler
 .text.CAN0_Wake_Up_IRQHandler
                0x00000520        0x8 ./startup/startup_mk60d10.o
                0x00000520                CAN0_Wake_Up_IRQHandler
 .text.I2S0_Tx_IRQHandler
                0x00000528        0x8 ./startup/startup_mk60d10.o
                0x00000528                I2S0_Tx_IRQHandler
 .text.I2S0_Rx_IRQHandler
                0x00000530        0x8 ./startup/startup_mk60d10.o
                0x00000530                I2S0_Rx_IRQHandler
 .text.CAN1_ORed_Message_buffer_IRQHandler
                0x00000538        0x8 ./startup/startup_mk60d10.o
                0x00000538                CAN1_ORed_Message_buffer_IRQHandler
 .text.CAN1_Bus_Off_IRQHandler
                0x00000540        0x8 ./startup/startup_mk60d10.o
                0x00000540                CAN1_Bus_Off_IRQHandler
 .text.CAN1_Error_IRQHandler
                0x00000548        0x8 ./startup/startup_mk60d10.o
                0x00000548                CAN1_Error_IRQHandler
 .text.CAN1_Tx_Warning_IRQHandler
                0x00000550        0x8 ./startup/startup_mk60d10.o
                0x00000550                CAN1_Tx_Warning_IRQHandler
 .text.CAN1_Rx_Warning_IRQHandler
                0x00000558        0x8 ./startup/startup_mk60d10.o
                0x00000558                CAN1_Rx_Warning_IRQHandler
 .text.CAN1_Wake_Up_IRQHandler
                0x00000560        0x8 ./startup/startup_mk60d10.o
                0x00000560                CAN1_Wake_Up_IRQHandler
 .text.Reserved59_IRQHandler
                0x00000568        0x8 ./startup/startup_mk60d10.o
                0x00000568                Reserved59_IRQHandler
 .text.UART0_LON_IRQHandler
                0x00000570        0x8 ./startup/startup_mk60d10.o
                0x00000570                UART0_LON_IRQHandler
 .text.UART0_RX_TX_IRQHandler
                0x00000578        0x8 ./startup/startup_mk60d10.o
                0x00000578                UART0_RX_TX_IRQHandler
 .text.UART0_ERR_IRQHandler
                0x00000580        0x8 ./startup/startup_mk60d10.o
                0x00000580                UART0_ERR_IRQHandler
 .text.UART1_RX_TX_IRQHandler
                0x00000588        0x8 ./startup/startup_mk60d10.o
                0x00000588                UART1_RX_TX_IRQHandler
 .text.UART1_ERR_IRQHandler
                0x00000590        0x8 ./startup/startup_mk60d10.o
                0x00000590                UART1_ERR_IRQHandler
 .text.UART2_RX_TX_IRQHandler
                0x00000598        0x8 ./startup/startup_mk60d10.o
                0x00000598                UART2_RX_TX_IRQHandler
 .text.UART2_ERR_IRQHandler
                0x000005a0        0x8 ./startup/startup_mk60d10.o
                0x000005a0                UART2_ERR_IRQHandler
 .text.UART3_RX_TX_IRQHandler
                0x000005a8        0x8 ./startup/startup_mk60d10.o
                0x000005a8                UART3_RX_TX_IRQHandler
 .text.UART3_ERR_IRQHandler
                0x000005b0        0x8 ./startup/startup_mk60d10.o
                0x000005b0                UART3_ERR_IRQHandler
 .text.UART4_RX_TX_IRQHandler
                0x000005b8        0x8 ./startup/startup_mk60d10.o
                0x000005b8                UART4_RX_TX_IRQHandler
 .text.UART4_ERR_IRQHandler
                0x000005c0        0x8 ./startup/startup_mk60d10.o
                0x000005c0                UART4_ERR_IRQHandler
 .text.UART5_RX_TX_IRQHandler
                0x000005c8        0x8 ./startup/startup_mk60d10.o
                0x000005c8                UART5_RX_TX_IRQHandler
 .text.UART5_ERR_IRQHandler
                0x000005d0        0x8 ./startup/startup_mk60d10.o
                0x000005d0                UART5_ERR_IRQHandler
 .text.ADC0_IRQHandler
                0x000005d8        0x8 ./startup/startup_mk60d10.o
                0x000005d8                ADC0_IRQHandler
 .text.ADC1_IRQHandler
                0x000005e0        0x8 ./startup/startup_mk60d10.o
                0x000005e0                ADC1_IRQHandler
 .text.CMP0_IRQHandler
                0x000005e8        0x8 ./startup/startup_mk60d10.o
                0x000005e8                CMP0_IRQHandler
 .text.CMP1_IRQHandler
                0x000005f0        0x8 ./startup/startup_mk60d10.o
                0x000005f0                CMP1_IRQHandler
 .text.CMP2_IRQHandler
                0x000005f8        0x8 ./startup/startup_mk60d10.o
                0x000005f8                CMP2_IRQHandler
 .text.FTM0_IRQHandler
                0x00000600        0x8 ./startup/startup_mk60d10.o
                0x00000600                FTM0_IRQHandler
 .text.FTM1_IRQHandler
                0x00000608        0x8 ./startup/startup_mk60d10.o
                0x00000608                FTM1_IRQHandler
 .text.FTM2_IRQHandler
                0x00000610        0x8 ./startup/startup_mk60d10.o
                0x00000610                FTM2_IRQHandler
 .text.CMT_IRQHandler
                0x00000618        0x8 ./startup/startup_mk60d10.o
                0x00000618                CMT_IRQHandler
 .text.RTC_IRQHandler
                0x00000620        0x8 ./startup/startup_mk60d10.o
                0x00000620                RTC_IRQHandler
 .text.RTC_Seconds_IRQHandler
                0x00000628        0x8 ./startup/startup_mk60d10.o
                0x00000628                RTC_Seconds_IRQHandler
 .text.PIT1_IRQHandler
                0x00000630        0x8 ./startup/startup_mk60d10.o
                0x00000630                PIT1_IRQHandler
 .text.PIT2_IRQHandler
                0x00000638        0x8 ./startup/startup_mk60d10.o
                0x00000638                PIT2_IRQHandler
 .text.PIT3_IRQHandler
                0x00000640        0x8 ./startup/startup_mk60d10.o
                0x00000640                PIT3_IRQHandler
 .text.PDB0_IRQHandler
                0x00000648        0x8 ./startup/startup_mk60d10.o
                0x00000648                PDB0_IRQHandler
 .text.USB0_IRQHandler
                0x00000650        0x8 ./startup/startup_mk60d10.o
                0x00000650                USB0_IRQHandler
 .text.USBDCD_IRQHandler
                0x00000658        0x8 ./startup/startup_mk60d10.o
                0x00000658                USBDCD_IRQHandler
 .text.ENET_1588_Timer_IRQHandler
                0x00000660        0x8 ./startup/startup_mk60d10.o
                0x00000660                ENET_1588_Timer_IRQHandler
 .text.ENET_Transmit_IRQHandler
                0x00000668        0x8 ./startup/startup_mk60d10.o
                0x00000668                ENET_Transmit_IRQHandler
 .text.ENET_Receive_IRQHandler
                0x00000670        0x8 ./startup/startup_mk60d10.o
                0x00000670                ENET_Receive_IRQHandler
 .text.ENET_Error_IRQHandler
                0x00000678        0x8 ./startup/startup_mk60d10.o
                0x00000678                ENET_Error_IRQHandler
 .text.Reserved95_IRQHandler
                0x00000680        0x8 ./startup/startup_mk60d10.o
                0x00000680                Reserved95_IRQHandler
 .text.SDHC_IRQHandler
                0x00000688        0x8 ./startup/startup_mk60d10.o
                0x00000688                SDHC_IRQHandler
 .text.DAC0_IRQHandler
                0x00000690        0x8 ./startup/startup_mk60d10.o
                0x00000690                DAC0_IRQHandler
 .text.DAC1_IRQHandler
                0x00000698        0x8 ./startup/startup_mk60d10.o
                0x00000698                DAC1_IRQHandler
 .text.TSI0_IRQHandler
                0x000006a0        0x8 ./startup/startup_mk60d10.o
                0x000006a0                TSI0_IRQHandler
 .text.MCG_IRQHandler
                0x000006a8        0x8 ./startup/startup_mk60d10.o
                0x000006a8                MCG_IRQHandler
 .text.LPTMR0_IRQHandler
                0x000006b0        0x8 ./startup/startup_mk60d10.o
                0x000006b0                LPTMR0_IRQHandler
 .text.Reserved102_IRQHandler
                0x000006b8        0x8 ./startup/startup_mk60d10.o
                0x000006b8                Reserved102_IRQHandler
 .text.PORTB_IRQHandler
                0x000006c0        0x8 ./startup/startup_mk60d10.o
                0x000006c0                PORTB_IRQHandler
 .text.PORTC_IRQHandler
                0x000006c8        0x8 ./startup/startup_mk60d10.o
                0x000006c8                PORTC_IRQHandler
 .text.PORTD_IRQHandler
                0x000006d0        0x8 ./startup/startup_mk60d10.o
                0x000006d0                PORTD_IRQHandler
 .text.PORTE_IRQHandler
                0x000006d8        0x8 ./startup/startup_mk60d10.o
                0x000006d8                PORTE_IRQHandler
 .text.Reserved108_IRQHandler
                0x000006e0        0x8 ./startup/startup_mk60d10.o
                0x000006e0                Reserved108_IRQHandler
 .text.Reserved109_IRQHandler
                0x000006e8        0x8 ./startup/startup_mk60d10.o
                0x000006e8                Reserved109_IRQHandler
 .text.SWI_IRQHandler
                0x000006f0        0x8 ./startup/startup_mk60d10.o
                0x000006f0                SWI_IRQHandler
 .text.HardFault_Handler
                0x000006f8       0x2c ./source/semihost_hardfault.o
                0x000006f8                HardFault_Handler
 .text.NVIC_EnableIRQ
                0x00000724       0x30 ./source/xstupi00.o
 .text.NVIC_ClearPendingIRQ
                0x00000754       0x34 ./source/xstupi00.o
 .text.PIT_GetDefaultConfig
                0x00000788       0x28 ./source/xstupi00.o
 .text.PIT_EnableInterrupts
                0x000007b0       0x38 ./source/xstupi00.o
 .text.PIT_ClearStatusFlags
                0x000007e8       0x28 ./source/xstupi00.o
 .text.PIT_SetTimerPeriod
                0x00000810       0x26 ./source/xstupi00.o
 .text.PIT_StartTimer
                0x00000836       0x36 ./source/xstupi00.o
 .text.PIT_StopTimer
                0x0000086c       0x36 ./source/xstupi00.o
 .text.delay    0x000008a2       0x42 ./source/xstupi00.o
                0x000008a2                delay
 .text.beep     0x000008e4      0x178 ./source/xstupi00.o
                0x000008e4                beep
 .text.concatenate_int
                0x00000a5c       0x3a ./source/xstupi00.o
                0x00000a5c                concatenate_int
 *fill*         0x00000a96        0x2 ff
 .text.Reset_PIT_Timer
                0x00000a98       0x28 ./source/xstupi00.o
                0x00000a98                Reset_PIT_Timer
 .text.char_processing
                0x00000ac0      0x108 ./source/xstupi00.o
                0x00000ac0                char_processing
 .text.decode_char
                0x00000bc8       0x88 ./source/xstupi00.o
                0x00000bc8                decode_char
 .text.scanning_keyboard_rows
                0x00000c50       0xc0 ./source/xstupi00.o
                0x00000c50                scanning_keyboard_rows
 .text.PIT0_IRQHandler
                0x00000d10       0x24 ./source/xstupi00.o
                0x00000d10                PIT0_IRQHandler
 .text.PORTA_IRQHandler
                0x00000d34       0xfc ./source/xstupi00.o
                0x00000d34                PORTA_IRQHandler
 .text.filling_buzz_cache
                0x00000e30      0x170 ./source/xstupi00.o
                0x00000e30                filling_buzz_cache
 .text.MCU_Init
                0x00000fa0      0x12c ./source/xstupi00.o
                0x00000fa0                MCU_Init
 .text.PIT_Timer_Init
                0x000010cc       0xb8 ./source/xstupi00.o
                0x000010cc                PIT_Timer_Init
 .text.main     0x00001184       0x12 ./source/xstupi00.o
                0x00001184                main
 *fill*         0x00001196        0x2 ff
 .text.CLOCK_GetMcgExtClkFreq
                0x00001198       0x6c ./drivers/fsl_clock.o
 .text.CLOCK_GetFllExtRefClkFreq
                0x00001204       0xc8 ./drivers/fsl_clock.o
 .text.CLOCK_GetInternalRefClkSelectFreq
                0x000012cc       0x40 ./drivers/fsl_clock.o
 .text.CLOCK_GetFllRefClkFreq
                0x0000130c       0x2c ./drivers/fsl_clock.o
 .text.CLOCK_GetPll0RefFreq
                0x00001338        0xe ./drivers/fsl_clock.o
 *fill*         0x00001346        0x2 ff
 .text.CLOCK_GetOsc0ErClkFreq
                0x00001348       0x38 ./drivers/fsl_clock.o
                0x00001348                CLOCK_GetOsc0ErClkFreq
 .text.CLOCK_GetEr32kClkFreq
                0x00001380       0x70 ./drivers/fsl_clock.o
                0x00001380                CLOCK_GetEr32kClkFreq
 .text.CLOCK_GetPllFllSelClkFreq
                0x000013f0       0x44 ./drivers/fsl_clock.o
                0x000013f0                CLOCK_GetPllFllSelClkFreq
 .text.CLOCK_GetFreq
                0x00001434      0x13c ./drivers/fsl_clock.o
                0x00001434                CLOCK_GetFreq
 .text.CLOCK_GetOutClkFreq
                0x00001570       0x64 ./drivers/fsl_clock.o
                0x00001570                CLOCK_GetOutClkFreq
 .text.CLOCK_GetFllFreq
                0x000015d4       0x7c ./drivers/fsl_clock.o
                0x000015d4                CLOCK_GetFllFreq
 .text.CLOCK_GetInternalRefClkFreq
                0x00001650       0x24 ./drivers/fsl_clock.o
                0x00001650                CLOCK_GetInternalRefClkFreq
 .text.CLOCK_GetFixedFreqClkFreq
                0x00001674       0x2e ./drivers/fsl_clock.o
                0x00001674                CLOCK_GetFixedFreqClkFreq
 *fill*         0x000016a2        0x2 ff
 .text.CLOCK_GetPll0Freq
                0x000016a4       0x68 ./drivers/fsl_clock.o
                0x000016a4                CLOCK_GetPll0Freq
 .text.CLOCK_EnableClock
                0x0000170c       0x32 ./drivers/fsl_pit.o
 *fill*         0x0000173e        0x2 ff
 .text.PIT_GetInstance
                0x00001740       0x44 ./drivers/fsl_pit.o
 .text.PIT_Init
                0x00001784       0x64 ./drivers/fsl_pit.o
                0x00001784                PIT_Init
 .text.UART0_DriverIRQHandler
                0x000017e8       0x24 ./drivers/fsl_uart.o
                0x000017e8                UART0_DriverIRQHandler
 .text.UART0_RX_TX_DriverIRQHandler
                0x0000180c        0xc ./drivers/fsl_uart.o
                0x0000180c                UART0_RX_TX_DriverIRQHandler
 .text.UART1_DriverIRQHandler
                0x00001818       0x24 ./drivers/fsl_uart.o
                0x00001818                UART1_DriverIRQHandler
 .text.UART1_RX_TX_DriverIRQHandler
                0x0000183c        0xc ./drivers/fsl_uart.o
                0x0000183c                UART1_RX_TX_DriverIRQHandler
 .text.UART2_DriverIRQHandler
                0x00001848       0x24 ./drivers/fsl_uart.o
                0x00001848                UART2_DriverIRQHandler
 .text.UART2_RX_TX_DriverIRQHandler
                0x0000186c        0xc ./drivers/fsl_uart.o
                0x0000186c                UART2_RX_TX_DriverIRQHandler
 .text.UART3_DriverIRQHandler
                0x00001878       0x24 ./drivers/fsl_uart.o
                0x00001878                UART3_DriverIRQHandler
 .text.UART3_RX_TX_DriverIRQHandler
                0x0000189c        0xc ./drivers/fsl_uart.o
                0x0000189c                UART3_RX_TX_DriverIRQHandler
 .text.UART4_DriverIRQHandler
                0x000018a8       0x24 ./drivers/fsl_uart.o
                0x000018a8                UART4_DriverIRQHandler
 .text.UART4_RX_TX_DriverIRQHandler
                0x000018cc        0xc ./drivers/fsl_uart.o
                0x000018cc                UART4_RX_TX_DriverIRQHandler
 .text.UART5_DriverIRQHandler
                0x000018d8       0x24 ./drivers/fsl_uart.o
                0x000018d8                UART5_DriverIRQHandler
 .text.UART5_RX_TX_DriverIRQHandler
                0x000018fc        0xc ./drivers/fsl_uart.o
                0x000018fc                UART5_RX_TX_DriverIRQHandler
 .text.SystemInit
                0x00001908       0x28 ./CMSIS/system_MK60D10.o
                0x00001908                SystemInit
 .text.__main   0x00001930        0xe c:/nxp/mcuxpressoide_10.2.1_795/ide/tools/bin/../lib/gcc/arm-none-eabi/7.2.1/../../../../arm-none-eabi/lib/thumb/v7e-m\libcr_semihost_nf.a(_cr__main.o)
                0x00001930                __CR_SEMIHOST
                0x00001930                __main
 *fill*         0x0000193e        0x2 ff
 .text.__assertion_failed
                0x00001940       0x4c c:/nxp/mcuxpressoide_10.2.1_795/ide/tools/bin/../lib/gcc/arm-none-eabi/7.2.1/../../../../arm-none-eabi/lib/thumb/v7e-m\libcr_semihost_nf.a(_cr_assert.o)
                0x00001940                __assertion_failed
 .text.__sys_appexit
                0x0000198c        0xc c:/nxp/mcuxpressoide_10.2.1_795/ide/tools/bin/../lib/gcc/arm-none-eabi/7.2.1/../../../../arm-none-eabi/lib/thumb/v7e-m\libcr_semihost_nf.a(__sys_appexit.o)
                0x0000198c                __sys_appexit
                0x0000198c                __exit
 .text.memset   0x00001998        0x4 c:/nxp/mcuxpressoide_10.2.1_795/ide/tools/bin/../lib/gcc/arm-none-eabi/7.2.1/../../../../arm-none-eabi/lib/thumb/v7e-m\libcr_c.a(memset.o)
                0x00001998                memset
 .text._deferredlazyseek
                0x0000199c       0x40 c:/nxp/mcuxpressoide_10.2.1_795/ide/tools/bin/../lib/gcc/arm-none-eabi/7.2.1/../../../../arm-none-eabi/lib/thumb/v7e-m\libcr_c.a(_deferredlazyseek.o)
                0x0000199c                _deferredlazyseek
 .text.__flsbuf
                0x000019dc      0x140 c:/nxp/mcuxpressoide_10.2.1_795/ide/tools/bin/../lib/gcc/arm-none-eabi/7.2.1/../../../../arm-none-eabi/lib/thumb/v7e-m\libcr_c.a(_deferredlazyseek.o)
                0x000019dc                __flsbuf
 .text._fflush  0x00001b1c       0x52 c:/nxp/mcuxpressoide_10.2.1_795/ide/tools/bin/../lib/gcc/arm-none-eabi/7.2.1/../../../../arm-none-eabi/lib/thumb/v7e-m\libcr_c.a(_fflush.o)
                0x00001b1c                _fflush
 *fill*         0x00001b6e        0x2 ff
 .text._Cwritebuf
                0x00001b70       0x6c c:/nxp/mcuxpressoide_10.2.1_795/ide/tools/bin/../lib/gcc/arm-none-eabi/7.2.1/../../../../arm-none-eabi/lib/thumb/v7e-m\libcr_c.a(_writebuf.o)
                0x00001b70                _Cwritebuf
 .text.malloc   0x00001bdc       0xc8 c:/nxp/mcuxpressoide_10.2.1_795/ide/tools/bin/../lib/gcc/arm-none-eabi/7.2.1/../../../../arm-none-eabi/lib/thumb/v7e-m\libcr_c.a(alloc.o)
                0x00001bdc                malloc
 .text.free     0x00001ca4       0x30 c:/nxp/mcuxpressoide_10.2.1_795/ide/tools/bin/../lib/gcc/arm-none-eabi/7.2.1/../../../../arm-none-eabi/lib/thumb/v7e-m\libcr_c.a(alloc.o)
                0x00001ca4                free
 .text._Csys_alloc
                0x00001cd4       0x20 c:/nxp/mcuxpressoide_10.2.1_795/ide/tools/bin/../lib/gcc/arm-none-eabi/7.2.1/../../../../arm-none-eabi/lib/thumb/v7e-m\libcr_c.a(alloc.o)
                0x00001cd4                _Csys_alloc
 .text.fputs    0x00001cf4       0x2c c:/nxp/mcuxpressoide_10.2.1_795/ide/tools/bin/../lib/gcc/arm-none-eabi/7.2.1/../../../../arm-none-eabi/lib/thumb/v7e-m\libcr_c.a(fputs.o)
                0x00001cf4                fputs
 .text.fseek    0x00001d20      0x100 c:/nxp/mcuxpressoide_10.2.1_795/ide/tools/bin/../lib/gcc/arm-none-eabi/7.2.1/../../../../arm-none-eabi/lib/thumb/v7e-m\libcr_c.a(fseek.o)
                0x00001d20                fseek
 .text.ftell    0x00001e20       0x44 c:/nxp/mcuxpressoide_10.2.1_795/ide/tools/bin/../lib/gcc/arm-none-eabi/7.2.1/../../../../arm-none-eabi/lib/thumb/v7e-m\libcr_c.a(ftell.o)
                0x00001e20                ftell
 .text._initio  0x00001e64       0x78 c:/nxp/mcuxpressoide_10.2.1_795/ide/tools/bin/../lib/gcc/arm-none-eabi/7.2.1/../../../../arm-none-eabi/lib/thumb/v7e-m\libcr_c.a(initio.o)
                0x00001e64                _initio
 .text.setvbuf  0x00001edc       0x40 c:/nxp/mcuxpressoide_10.2.1_795/ide/tools/bin/../lib/gcc/arm-none-eabi/7.2.1/../../../../arm-none-eabi/lib/thumb/v7e-m\libcr_c.a(setvbuf.o)
                0x00001edc                setvbuf
 .text._sbrk    0x00001f1c       0x3c c:/nxp/mcuxpressoide_10.2.1_795/ide/tools/bin/../lib/gcc/arm-none-eabi/7.2.1/../../../../arm-none-eabi/lib/thumb/v7e-m\libcr_c.a(_cr_sbrk.o)
                0x00001f1c                _sbrk
 .text._fdopen  0x00001f58       0x68 c:/nxp/mcuxpressoide_10.2.1_795/ide/tools/bin/../lib/gcc/arm-none-eabi/7.2.1/../../../../arm-none-eabi/lib/thumb/v7e-m\libcr_c.a(_fdopen.o)
                0x00001f58                _fdopen
 .text.fclose   0x00001fc0       0x58 c:/nxp/mcuxpressoide_10.2.1_795/ide/tools/bin/../lib/gcc/arm-none-eabi/7.2.1/../../../../arm-none-eabi/lib/thumb/v7e-m\libcr_c.a(fclose.o)
                0x00001fc0                fclose
 .text.fflush   0x00002018       0x44 c:/nxp/mcuxpressoide_10.2.1_795/ide/tools/bin/../lib/gcc/arm-none-eabi/7.2.1/../../../../arm-none-eabi/lib/thumb/v7e-m\libcr_c.a(fflush.o)
                0x00002018                fflush
 .text.remove   0x0000205c       0x14 c:/nxp/mcuxpressoide_10.2.1_795/ide/tools/bin/../lib/gcc/arm-none-eabi/7.2.1/../../../../arm-none-eabi/lib/thumb/v7e-m\libcr_c.a(remove.o)
                0x0000205c                remove
 .text.strlen   0x00002070       0x4a c:/nxp/mcuxpressoide_10.2.1_795/ide/tools/bin/../lib/gcc/arm-none-eabi/7.2.1/../../../../arm-none-eabi/lib/thumb/v7e-m\libcr_c.a(strlen.o)
                0x00002070                strlen
 *fill*         0x000020ba        0x2 ff
 .text.__check_heap_overflow
                0x000020bc       0x18 c:/nxp/mcuxpressoide_10.2.1_795/ide/tools/bin/../lib/gcc/arm-none-eabi/7.2.1/../../../../arm-none-eabi/lib/thumb/v7e-m\libcr_c.a(_cr_check_heap.o)
                0x000020bc                __check_heap_overflow
 .text._do_fflush
                0x000020d4       0x40 c:/nxp/mcuxpressoide_10.2.1_795/ide/tools/bin/../lib/gcc/arm-none-eabi/7.2.1/../../../../arm-none-eabi/lib/thumb/v7e-m\libcr_c.a(_do_fflush.o)
                0x000020d4                _do_fflush
 .text.__aeabi_division_uldivmod
                0x00002114      0x174 c:/nxp/mcuxpressoide_10.2.1_795/ide/tools/bin/../lib/gcc/arm-none-eabi/7.2.1/thumb/v7e-m\libcr_eabihelpers.a(division_64.o)
                0x00002114                __aeabi_uldivmod
                0x00002118                __bhs_ldivmod1
 .text.__aeabi_division_idiv0
                0x00002288        0x2 c:/nxp/mcuxpressoide_10.2.1_795/ide/tools/bin/../lib/gcc/arm-none-eabi/7.2.1/thumb/v7e-m\libcr_eabihelpers.a(division_idiv0.o)
                0x00002288                __aeabi_idiv0
 .text.__aeabi_memset_lowlevel
                0x0000228a       0x32 c:/nxp/mcuxpressoide_10.2.1_795/ide/tools/bin/../lib/gcc/arm-none-eabi/7.2.1/thumb/v7e-m\libcr_eabihelpers.a(memcpy.o)
                0x0000228a                __aeabi_lowlevel_memset
 .text.__sys_close
                0x000022bc        0xc c:/nxp/mcuxpressoide_10.2.1_795/ide/tools/bin/../lib/gcc/arm-none-eabi/7.2.1/../../../../arm-none-eabi/lib/thumb/v7e-m\libcr_semihost_nf.a(__sys_close.o)
                0x000022bc                __sys_close
 .text.__sys_flen
                0x000022c8        0xc c:/nxp/mcuxpressoide_10.2.1_795/ide/tools/bin/../lib/gcc/arm-none-eabi/7.2.1/../../../../arm-none-eabi/lib/thumb/v7e-m\libcr_semihost_nf.a(__sys_flen.o)
                0x000022c8                __sys_flen
 .text.__sys_istty
                0x000022d4        0xc c:/nxp/mcuxpressoide_10.2.1_795/ide/tools/bin/../lib/gcc/arm-none-eabi/7.2.1/../../../../arm-none-eabi/lib/thumb/v7e-m\libcr_semihost_nf.a(__sys_istty.o)
                0x000022d4                __sys_istty
 .text.__sys_remove
                0x000022e0        0xc c:/nxp/mcuxpressoide_10.2.1_795/ide/tools/bin/../lib/gcc/arm-none-eabi/7.2.1/../../../../arm-none-eabi/lib/thumb/v7e-m\libcr_semihost_nf.a(__sys_remove.o)
                0x000022e0                __sys_remove
 .text.__sys_seek
                0x000022ec        0xc c:/nxp/mcuxpressoide_10.2.1_795/ide/tools/bin/../lib/gcc/arm-none-eabi/7.2.1/../../../../arm-none-eabi/lib/thumb/v7e-m\libcr_semihost_nf.a(__sys_seek.o)
                0x000022ec                __sys_seek
 .text.__sys_tmpnam
                0x000022f8        0xc c:/nxp/mcuxpressoide_10.2.1_795/ide/tools/bin/../lib/gcc/arm-none-eabi/7.2.1/../../../../arm-none-eabi/lib/thumb/v7e-m\libcr_semihost_nf.a(__sys_tmpnam.o)
                0x000022f8                __sys_tmpnam
 .text.__sys_write
                0x00002304        0xc c:/nxp/mcuxpressoide_10.2.1_795/ide/tools/bin/../lib/gcc/arm-none-eabi/7.2.1/../../../../arm-none-eabi/lib/thumb/v7e-m\libcr_semihost_nf.a(__sys_write.o)
                0x00002304                __sys_write
 *(.rodata .rodata.* .constdata .constdata.*)
 .rodata        0x00002310       0x60 ./source/xstupi00.o
 .rodata        0x00002370      0x149 ./drivers/fsl_clock.o
 *fill*         0x000024b9        0x3 ff
 .rodata.fllFactorTable.6359
                0x000024bc       0x10 ./drivers/fsl_clock.o
 .rodata        0x000024cc       0x61 ./drivers/fsl_pit.o
 .rodata.__assertion_failed.str1.1
                0x0000252d       0x15 c:/nxp/mcuxpressoide_10.2.1_795/ide/tools/bin/../lib/gcc/arm-none-eabi/7.2.1/../../../../arm-none-eabi/lib/thumb/v7e-m\libcr_semihost_nf.a(_cr_assert.o)
 *fill*         0x00002542        0x2 ff
 .rodata.__num_Ciob_streams
                0x00002544        0x4 c:/nxp/mcuxpressoide_10.2.1_795/ide/tools/bin/../lib/gcc/arm-none-eabi/7.2.1/../../../../arm-none-eabi/lib/thumb/v7e-m\libcr_semihost_nf.a(__ciob.o)
                0x00002544                __num_Ciob_streams
 .rodata._Csys_alloc.str1.1
                0x00002548       0x18 c:/nxp/mcuxpressoide_10.2.1_795/ide/tools/bin/../lib/gcc/arm-none-eabi/7.2.1/../../../../arm-none-eabi/lib/thumb/v7e-m\libcr_c.a(alloc.o)
 .rodata._initio.str1.1
                0x00002560        0x4 c:/nxp/mcuxpressoide_10.2.1_795/ide/tools/bin/../lib/gcc/arm-none-eabi/7.2.1/../../../../arm-none-eabi/lib/thumb/v7e-m\libcr_c.a(initio.o)
                0x00002564                . = ALIGN (0x4)

.glue_7         0x00002564        0x0
 .glue_7        0x00002564        0x0 linker stubs

.glue_7t        0x00002564        0x0
 .glue_7t       0x00002564        0x0 linker stubs

.vfp11_veneer   0x00002564        0x0
 .vfp11_veneer  0x00002564        0x0 linker stubs

.v4_bx          0x00002564        0x0
 .v4_bx         0x00002564        0x0 linker stubs

.iplt           0x00002564        0x0
 .iplt          0x00002564        0x0 ./startup/startup_mk60d10.o

.rel.dyn        0x00002564        0x0
 .rel.iplt      0x00002564        0x0 ./startup/startup_mk60d10.o

.ARM.extab
 *(.ARM.extab* .gnu.linkonce.armextab.*)
                0x00002564                __exidx_start = .

.ARM.exidx
 *(.ARM.exidx* .gnu.linkonce.armexidx.*)
                0x00002564                __exidx_end = .
                0x00002564                _etext = .

.m_usb_data
 *(m_usb_bdt)

.data_RAM2      0x1fff0000        0x0 load address 0x00002564
 FILL mask 0xff
                [!provide]                PROVIDE (__start_data_RAM2, .)
 *(.ramfunc.$RAM2)
 *(.ramfunc.$SRAM_LOWER)
 *(.data.$RAM2*)
 *(.data.$SRAM_LOWER*)
                0x1fff0000                . = ALIGN (0x4)
                [!provide]                PROVIDE (__end_data_RAM2, .)

.data_RAM3      0x14000000        0x0 load address 0x00002564
 FILL mask 0xff
                [!provide]                PROVIDE (__start_data_RAM3, .)
 *(.ramfunc.$RAM3)
 *(.ramfunc.$FLEX_RAM)
 *(.data.$RAM3*)
 *(.data.$FLEX_RAM*)
                0x14000000                . = ALIGN (0x4)
                [!provide]                PROVIDE (__end_data_RAM3, .)

.uninit_RESERVED
                0x20000000        0x0
 *(.bss.$RESERVED*)
                0x20000000                . = ALIGN (0x4)
                0x20000000                _end_uninit_RESERVED = .

.data           0x20000000      0x3f8 load address 0x00002564
 FILL mask 0xff
                0x20000000                _data = .
 *(vtable)
 *(.ramfunc*)
 *(.data*)
 .data.NEW_MORSE_UNIT
                0x20000000        0x4 ./source/xstupi00.o
                0x20000000                NEW_MORSE_UNIT
 .data.key_tap  0x20000004        0x4 ./source/xstupi00.o
                0x20000004                key_tap
 .data.morse_codes
                0x20000008      0x3e8 ./source/xstupi00.o
                0x20000008                morse_codes
 .data.s_slowIrcFreq
                0x200003f0        0x4 ./drivers/fsl_clock.o
 .data.s_fastIrcFreq
                0x200003f4        0x4 ./drivers/fsl_clock.o
                0x200003f8                . = ALIGN (0x4)
                0x200003f8                _edata = .

.igot.plt       0x200003f8        0x0 load address 0x0000295c
 .igot.plt      0x200003f8        0x0 ./startup/startup_mk60d10.o

.bss_RAM2       0x1fff0000        0x0
                [!provide]                PROVIDE (__start_bss_RAM2, .)
 *(.bss.$RAM2*)
 *(.bss.$SRAM_LOWER*)
                0x1fff0000                . = ALIGN ((. != 0x0)?0x4:0x1)
                [!provide]                PROVIDE (__end_bss_RAM2, .)

.bss_RAM3       0x14000000        0x0
                [!provide]                PROVIDE (__start_bss_RAM3, .)
 *(.bss.$RAM3*)
 *(.bss.$FLEX_RAM*)
                0x14000000                . = ALIGN ((. != 0x0)?0x4:0x1)
                [!provide]                PROVIDE (__end_bss_RAM3, .)

.bss            0x200003f8      0x8f4
                0x200003f8                _bss = .
 *(.bss*)
 .bss.MORSE_UNIT
                0x200003f8        0x4 ./source/xstupi00.o
                0x200003f8                MORSE_UNIT
 .bss.last_key  0x200003fc        0x4 ./source/xstupi00.o
                0x200003fc                last_key
 .bss.store_index
                0x20000400        0x4 ./source/xstupi00.o
                0x20000400                store_index
 .bss.buzz_index
                0x20000404        0x4 ./source/xstupi00.o
                0x20000404                buzz_index
 .bss.cache_index
                0x20000408        0x4 ./source/xstupi00.o
                0x20000408                cache_index
 .bss.play_index
                0x2000040c        0x4 ./source/xstupi00.o
                0x2000040c                play_index
 .bss.buzz_cache
                0x20000410      0x3fc ./source/xstupi00.o
                0x20000410                buzz_cache
 .bss.received_chars_key
                0x2000080c      0x3fc ./source/xstupi00.o
                0x2000080c                received_chars_key
 .bss.g_xtal0Freq
                0x20000c08        0x4 ./drivers/fsl_clock.o
                0x20000c08                g_xtal0Freq
 .bss.g_xtal32Freq
                0x20000c0c        0x4 ./drivers/fsl_clock.o
                0x20000c0c                g_xtal32Freq
 .bss.s_uartHandle
                0x20000c10       0x18 ./drivers/fsl_uart.o
 .bss.s_uartIsr
                0x20000c28        0x4 ./drivers/fsl_uart.o
 .bss.__Ciob    0x20000c2c       0xb4 c:/nxp/mcuxpressoide_10.2.1_795/ide/tools/bin/../lib/gcc/arm-none-eabi/7.2.1/../../../../arm-none-eabi/lib/thumb/v7e-m\libcr_semihost_nf.a(__ciob.o)
                0x20000c2c                __Ciob
 .bss.__end_of_heap
                0x20000ce0        0x4 c:/nxp/mcuxpressoide_10.2.1_795/ide/tools/bin/../lib/gcc/arm-none-eabi/7.2.1/../../../../arm-none-eabi/lib/thumb/v7e-m\libcr_c.a(__init_alloc.o)
                0x20000ce0                __end_of_heap
 .bss.__heaps   0x20000ce4        0x4 c:/nxp/mcuxpressoide_10.2.1_795/ide/tools/bin/../lib/gcc/arm-none-eabi/7.2.1/../../../../arm-none-eabi/lib/thumb/v7e-m\libcr_c.a(__init_alloc.o)
                0x20000ce4                __heaps
 .bss.errno     0x20000ce8        0x4 c:/nxp/mcuxpressoide_10.2.1_795/ide/tools/bin/../lib/gcc/arm-none-eabi/7.2.1/../../../../arm-none-eabi/lib/thumb/v7e-m\libcr_c.a(errno.o)
                0x20000ce8                errno
 *(COMMON)
                0x20000cec                . = ALIGN (0x4)
                0x20000cec                _ebss = .
                [!provide]                PROVIDE (end, .)

.noinit_RAM2    0x1fff0000        0x0
 *(.noinit.$RAM2*)
 *(.noinit.$SRAM_LOWER*)
                0x1fff0000                . = ALIGN (0x4)

.noinit_RAM3    0x14000000        0x0
 *(.noinit.$RAM3*)
 *(.noinit.$FLEX_RAM*)
                0x14000000                . = ALIGN (0x4)

.noinit         0x20000cec        0x0
                0x20000cec                _noinit = .
 *(.noinit*)
                0x20000cec                . = ALIGN (0x4)
                0x20000cec                _end_noinit = .
                0x00001000                _HeapSize = 0x1000

.heap           0x20000cec     0x1000
                0x20000cec                _pvHeapStart = .
                0x20001cec                . = (. + _HeapSize)
 *fill*         0x20000cec     0x1000 
                0x20001cec                . = ALIGN (0x4)
                0x20001cec                _pvHeapLimit = .
                0x00001000                _StackSize = 0x1000

.heap2stackfill
                0x20001cec     0x1000
                0x20002cec                . = (. + _StackSize)
 *fill*         0x20001cec     0x1000 

.stack          0x2000f000        0x0
                0x2000f000                _vStackBase = .
                0x2000f000                . = ALIGN (0x4)
                0x20010000                _vStackTop = (. + _StackSize)
                0x00000000                _image_start = LOADADDR (.text)
                0x0000295c                _image_end = (LOADADDR (.data) + SIZEOF (.data))
                0x0000295c                _image_size = (_image_end - _image_start)
OUTPUT(xstupi00.axf elf32-littlearm)

.debug_info     0x00000000     0x5b45
 .debug_info    0x00000000      0x952 ./startup/startup_mk60d10.o
 .debug_info    0x00000952       0x3b ./source/semihost_hardfault.o
 .debug_info    0x0000098d     0x128e ./source/xstupi00.o
 .debug_info    0x00001c1b     0x1acb ./drivers/fsl_clock.o
 .debug_info    0x000036e6      0x663 ./drivers/fsl_pit.o
 .debug_info    0x00003d49     0x1959 ./drivers/fsl_uart.o
 .debug_info    0x000056a2      0x4a3 ./CMSIS/system_MK60D10.o

.debug_abbrev   0x00000000      0xdcc
 .debug_abbrev  0x00000000      0x15c ./startup/startup_mk60d10.o
 .debug_abbrev  0x0000015c       0x2f ./source/semihost_hardfault.o
 .debug_abbrev  0x0000018b      0x2fb ./source/xstupi00.o
 .debug_abbrev  0x00000486      0x320 ./drivers/fsl_clock.o
 .debug_abbrev  0x000007a6      0x1d9 ./drivers/fsl_pit.o
 .debug_abbrev  0x0000097f      0x311 ./drivers/fsl_uart.o
 .debug_abbrev  0x00000c90      0x13c ./CMSIS/system_MK60D10.o

.debug_aranges  0x00000000      0x818
 .debug_aranges
                0x00000000      0x378 ./startup/startup_mk60d10.o
 .debug_aranges
                0x00000378       0x20 ./source/semihost_hardfault.o
 .debug_aranges
                0x00000398       0xc0 ./source/xstupi00.o
 .debug_aranges
                0x00000458      0x1e8 ./drivers/fsl_clock.o
 .debug_aranges
                0x00000640       0x40 ./drivers/fsl_pit.o
 .debug_aranges
                0x00000680      0x170 ./drivers/fsl_uart.o
 .debug_aranges
                0x000007f0       0x28 ./CMSIS/system_MK60D10.o

.debug_ranges   0x00000000      0x7a8
 .debug_ranges  0x00000000      0x368 ./startup/startup_mk60d10.o
 .debug_ranges  0x00000368       0x10 ./source/semihost_hardfault.o
 .debug_ranges  0x00000378       0xb0 ./source/xstupi00.o
 .debug_ranges  0x00000428      0x1d8 ./drivers/fsl_clock.o
 .debug_ranges  0x00000600       0x30 ./drivers/fsl_pit.o
 .debug_ranges  0x00000630      0x160 ./drivers/fsl_uart.o
 .debug_ranges  0x00000790       0x18 ./CMSIS/system_MK60D10.o

.debug_macro    0x00000000      0x680
 .debug_macro   0x00000000       0x29 ./startup/startup_mk60d10.o
 .debug_macro   0x00000029       0x11 ./source/semihost_hardfault.o
 .debug_macro   0x0000003a      0x1b5 ./source/xstupi00.o
 .debug_macro   0x000001ef       0x35 ./source/xstupi00.o
 .debug_macro   0x00000224      0x1ad ./drivers/fsl_clock.o
 .debug_macro   0x000003d1       0x1c ./drivers/fsl_clock.o
 .debug_macro   0x000003ed       0xf7 ./drivers/fsl_pit.o
 .debug_macro   0x000004e4       0xfd ./drivers/fsl_uart.o
 .debug_macro   0x000005e1       0x9f ./CMSIS/system_MK60D10.o

.debug_line     0x00000000     0x2436
 .debug_line    0x00000000      0x776 ./startup/startup_mk60d10.o
 .debug_line    0x00000776       0x54 ./source/semihost_hardfault.o
 .debug_line    0x000007ca      0x4f1 ./source/xstupi00.o
 .debug_line    0x00000cbb      0x9e8 ./drivers/fsl_clock.o
 .debug_line    0x000016a3      0x26f ./drivers/fsl_pit.o
 .debug_line    0x00001912      0x921 ./drivers/fsl_uart.o
 .debug_line    0x00002233      0x203 ./CMSIS/system_MK60D10.o

.debug_str      0x00000000    0x7c909
 .debug_str     0x00000000     0x369a ./startup/startup_mk60d10.o
                               0x36f2 (size before relaxing)
 .debug_str     0x0000369a       0x1f ./source/semihost_hardfault.o
                               0x2d98 (size before relaxing)
 .debug_str     0x000036b9    0x76b14 ./source/xstupi00.o
                              0x799a5 (size before relaxing)
 .debug_str     0x0007a1cd     0x1962 ./drivers/fsl_clock.o
                              0x7a5f8 (size before relaxing)
 .debug_str     0x0007bb2f       0x59 ./drivers/fsl_pit.o
                              0x78dc7 (size before relaxing)
 .debug_str     0x0007bb88      0xd32 ./drivers/fsl_uart.o
                              0x7a1bd (size before relaxing)
 .debug_str     0x0007c8ba       0x4f ./CMSIS/system_MK60D10.o
                              0x77abd (size before relaxing)

.comment        0x00000000       0x7e
 .comment       0x00000000       0x7e ./startup/startup_mk60d10.o
                                 0x7f (size before relaxing)
 .comment       0x0000007e       0x7f ./source/semihost_hardfault.o
 .comment       0x0000007e       0x7f ./source/xstupi00.o
 .comment       0x0000007e       0x7f ./drivers/fsl_clock.o
 .comment       0x0000007e       0x7f ./drivers/fsl_pit.o
 .comment       0x0000007e       0x7f ./drivers/fsl_uart.o
 .comment       0x0000007e       0x7f ./CMSIS/system_MK60D10.o
 .comment       0x0000007e       0x7f c:/nxp/mcuxpressoide_10.2.1_795/ide/tools/bin/../lib/gcc/arm-none-eabi/7.2.1/../../../../arm-none-eabi/lib/thumb/v7e-m\libcr_semihost_nf.a(_cr__main.o)
 .comment       0x0000007e       0x7f c:/nxp/mcuxpressoide_10.2.1_795/ide/tools/bin/../lib/gcc/arm-none-eabi/7.2.1/../../../../arm-none-eabi/lib/thumb/v7e-m\libcr_semihost_nf.a(_cr_assert.o)
 .comment       0x0000007e       0x7f c:/nxp/mcuxpressoide_10.2.1_795/ide/tools/bin/../lib/gcc/arm-none-eabi/7.2.1/../../../../arm-none-eabi/lib/thumb/v7e-m\libcr_semihost_nf.a(__ciob.o)
 .comment       0x0000007e       0x7f c:/nxp/mcuxpressoide_10.2.1_795/ide/tools/bin/../lib/gcc/arm-none-eabi/7.2.1/../../../../arm-none-eabi/lib/thumb/v7e-m\libcr_c.a(memset.o)
 .comment       0x0000007e       0x7f c:/nxp/mcuxpressoide_10.2.1_795/ide/tools/bin/../lib/gcc/arm-none-eabi/7.2.1/../../../../arm-none-eabi/lib/thumb/v7e-m\libcr_c.a(_deferredlazyseek.o)
 .comment       0x0000007e       0x7f c:/nxp/mcuxpressoide_10.2.1_795/ide/tools/bin/../lib/gcc/arm-none-eabi/7.2.1/../../../../arm-none-eabi/lib/thumb/v7e-m\libcr_c.a(_fflush.o)
 .comment       0x0000007e       0x7f c:/nxp/mcuxpressoide_10.2.1_795/ide/tools/bin/../lib/gcc/arm-none-eabi/7.2.1/../../../../arm-none-eabi/lib/thumb/v7e-m\libcr_c.a(_writebuf.o)
 .comment       0x0000007e       0x7f c:/nxp/mcuxpressoide_10.2.1_795/ide/tools/bin/../lib/gcc/arm-none-eabi/7.2.1/../../../../arm-none-eabi/lib/thumb/v7e-m\libcr_c.a(alloc.o)
 .comment       0x0000007e       0x7f c:/nxp/mcuxpressoide_10.2.1_795/ide/tools/bin/../lib/gcc/arm-none-eabi/7.2.1/../../../../arm-none-eabi/lib/thumb/v7e-m\libcr_c.a(fputs.o)
 .comment       0x0000007e       0x7f c:/nxp/mcuxpressoide_10.2.1_795/ide/tools/bin/../lib/gcc/arm-none-eabi/7.2.1/../../../../arm-none-eabi/lib/thumb/v7e-m\libcr_c.a(fseek.o)
 .comment       0x0000007e       0x7f c:/nxp/mcuxpressoide_10.2.1_795/ide/tools/bin/../lib/gcc/arm-none-eabi/7.2.1/../../../../arm-none-eabi/lib/thumb/v7e-m\libcr_c.a(ftell.o)
 .comment       0x0000007e       0x7f c:/nxp/mcuxpressoide_10.2.1_795/ide/tools/bin/../lib/gcc/arm-none-eabi/7.2.1/../../../../arm-none-eabi/lib/thumb/v7e-m\libcr_c.a(initio.o)
 .comment       0x0000007e       0x7f c:/nxp/mcuxpressoide_10.2.1_795/ide/tools/bin/../lib/gcc/arm-none-eabi/7.2.1/../../../../arm-none-eabi/lib/thumb/v7e-m\libcr_c.a(setvbuf.o)
 .comment       0x0000007e       0x7f c:/nxp/mcuxpressoide_10.2.1_795/ide/tools/bin/../lib/gcc/arm-none-eabi/7.2.1/../../../../arm-none-eabi/lib/thumb/v7e-m\libcr_c.a(__init_alloc.o)
 .comment       0x0000007e       0x7f c:/nxp/mcuxpressoide_10.2.1_795/ide/tools/bin/../lib/gcc/arm-none-eabi/7.2.1/../../../../arm-none-eabi/lib/thumb/v7e-m\libcr_c.a(_cr_sbrk.o)
 .comment       0x0000007e       0x7f c:/nxp/mcuxpressoide_10.2.1_795/ide/tools/bin/../lib/gcc/arm-none-eabi/7.2.1/../../../../arm-none-eabi/lib/thumb/v7e-m\libcr_c.a(_fdopen.o)
 .comment       0x0000007e       0x7f c:/nxp/mcuxpressoide_10.2.1_795/ide/tools/bin/../lib/gcc/arm-none-eabi/7.2.1/../../../../arm-none-eabi/lib/thumb/v7e-m\libcr_c.a(errno.o)
 .comment       0x0000007e       0x7f c:/nxp/mcuxpressoide_10.2.1_795/ide/tools/bin/../lib/gcc/arm-none-eabi/7.2.1/../../../../arm-none-eabi/lib/thumb/v7e-m\libcr_c.a(fclose.o)
 .comment       0x0000007e       0x7f c:/nxp/mcuxpressoide_10.2.1_795/ide/tools/bin/../lib/gcc/arm-none-eabi/7.2.1/../../../../arm-none-eabi/lib/thumb/v7e-m\libcr_c.a(fflush.o)
 .comment       0x0000007e       0x7f c:/nxp/mcuxpressoide_10.2.1_795/ide/tools/bin/../lib/gcc/arm-none-eabi/7.2.1/../../../../arm-none-eabi/lib/thumb/v7e-m\libcr_c.a(remove.o)
 .comment       0x0000007e       0x7f c:/nxp/mcuxpressoide_10.2.1_795/ide/tools/bin/../lib/gcc/arm-none-eabi/7.2.1/../../../../arm-none-eabi/lib/thumb/v7e-m\libcr_c.a(strlen.o)
 .comment       0x0000007e       0x7f c:/nxp/mcuxpressoide_10.2.1_795/ide/tools/bin/../lib/gcc/arm-none-eabi/7.2.1/../../../../arm-none-eabi/lib/thumb/v7e-m\libcr_c.a(_cr_check_heap.o)
 .comment       0x0000007e       0x7f c:/nxp/mcuxpressoide_10.2.1_795/ide/tools/bin/../lib/gcc/arm-none-eabi/7.2.1/../../../../arm-none-eabi/lib/thumb/v7e-m\libcr_c.a(_do_fflush.o)

.ARM.attributes
                0x00000000       0x31
 .ARM.attributes
                0x00000000       0x33 ./startup/startup_mk60d10.o
 .ARM.attributes
                0x00000033       0x33 ./source/semihost_hardfault.o
 .ARM.attributes
                0x00000066       0x33 ./source/xstupi00.o
 .ARM.attributes
                0x00000099       0x33 ./drivers/fsl_clock.o
 .ARM.attributes
                0x000000cc       0x33 ./drivers/fsl_pit.o
 .ARM.attributes
                0x000000ff       0x33 ./drivers/fsl_uart.o
 .ARM.attributes
                0x00000132       0x33 ./CMSIS/system_MK60D10.o
 .ARM.attributes
                0x00000165       0x33 c:/nxp/mcuxpressoide_10.2.1_795/ide/tools/bin/../lib/gcc/arm-none-eabi/7.2.1/../../../../arm-none-eabi/lib/thumb/v7e-m\libcr_semihost_nf.a(_cr__main.o)
 .ARM.attributes
                0x00000198       0x33 c:/nxp/mcuxpressoide_10.2.1_795/ide/tools/bin/../lib/gcc/arm-none-eabi/7.2.1/../../../../arm-none-eabi/lib/thumb/v7e-m\libcr_semihost_nf.a(_cr_assert.o)
 .ARM.attributes
                0x000001cb       0x33 c:/nxp/mcuxpressoide_10.2.1_795/ide/tools/bin/../lib/gcc/arm-none-eabi/7.2.1/../../../../arm-none-eabi/lib/thumb/v7e-m\libcr_semihost_nf.a(__ciob.o)
 .ARM.attributes
                0x000001fe       0x21 c:/nxp/mcuxpressoide_10.2.1_795/ide/tools/bin/../lib/gcc/arm-none-eabi/7.2.1/../../../../arm-none-eabi/lib/thumb/v7e-m\libcr_semihost_nf.a(__sys_appexit.o)
 .ARM.attributes
                0x0000021f       0x33 c:/nxp/mcuxpressoide_10.2.1_795/ide/tools/bin/../lib/gcc/arm-none-eabi/7.2.1/../../../../arm-none-eabi/lib/thumb/v7e-m\libcr_c.a(memset.o)
 .ARM.attributes
                0x00000252       0x33 c:/nxp/mcuxpressoide_10.2.1_795/ide/tools/bin/../lib/gcc/arm-none-eabi/7.2.1/../../../../arm-none-eabi/lib/thumb/v7e-m\libcr_c.a(_deferredlazyseek.o)
 .ARM.attributes
                0x00000285       0x33 c:/nxp/mcuxpressoide_10.2.1_795/ide/tools/bin/../lib/gcc/arm-none-eabi/7.2.1/../../../../arm-none-eabi/lib/thumb/v7e-m\libcr_c.a(_fflush.o)
 .ARM.attributes
                0x000002b8       0x33 c:/nxp/mcuxpressoide_10.2.1_795/ide/tools/bin/../lib/gcc/arm-none-eabi/7.2.1/../../../../arm-none-eabi/lib/thumb/v7e-m\libcr_c.a(_writebuf.o)
 .ARM.attributes
                0x000002eb       0x33 c:/nxp/mcuxpressoide_10.2.1_795/ide/tools/bin/../lib/gcc/arm-none-eabi/7.2.1/../../../../arm-none-eabi/lib/thumb/v7e-m\libcr_c.a(alloc.o)
 .ARM.attributes
                0x0000031e       0x33 c:/nxp/mcuxpressoide_10.2.1_795/ide/tools/bin/../lib/gcc/arm-none-eabi/7.2.1/../../../../arm-none-eabi/lib/thumb/v7e-m\libcr_c.a(fputs.o)
 .ARM.attributes
                0x00000351       0x33 c:/nxp/mcuxpressoide_10.2.1_795/ide/tools/bin/../lib/gcc/arm-none-eabi/7.2.1/../../../../arm-none-eabi/lib/thumb/v7e-m\libcr_c.a(fseek.o)
 .ARM.attributes
                0x00000384       0x33 c:/nxp/mcuxpressoide_10.2.1_795/ide/tools/bin/../lib/gcc/arm-none-eabi/7.2.1/../../../../arm-none-eabi/lib/thumb/v7e-m\libcr_c.a(ftell.o)
 .ARM.attributes
                0x000003b7       0x33 c:/nxp/mcuxpressoide_10.2.1_795/ide/tools/bin/../lib/gcc/arm-none-eabi/7.2.1/../../../../arm-none-eabi/lib/thumb/v7e-m\libcr_c.a(initio.o)
 .ARM.attributes
                0x000003ea       0x33 c:/nxp/mcuxpressoide_10.2.1_795/ide/tools/bin/../lib/gcc/arm-none-eabi/7.2.1/../../../../arm-none-eabi/lib/thumb/v7e-m\libcr_c.a(setvbuf.o)
 .ARM.attributes
                0x0000041d       0x33 c:/nxp/mcuxpressoide_10.2.1_795/ide/tools/bin/../lib/gcc/arm-none-eabi/7.2.1/../../../../arm-none-eabi/lib/thumb/v7e-m\libcr_c.a(__init_alloc.o)
 .ARM.attributes
                0x00000450       0x33 c:/nxp/mcuxpressoide_10.2.1_795/ide/tools/bin/../lib/gcc/arm-none-eabi/7.2.1/../../../../arm-none-eabi/lib/thumb/v7e-m\libcr_c.a(_cr_sbrk.o)
 .ARM.attributes
                0x00000483       0x33 c:/nxp/mcuxpressoide_10.2.1_795/ide/tools/bin/../lib/gcc/arm-none-eabi/7.2.1/../../../../arm-none-eabi/lib/thumb/v7e-m\libcr_c.a(_fdopen.o)
 .ARM.attributes
                0x000004b6       0x33 c:/nxp/mcuxpressoide_10.2.1_795/ide/tools/bin/../lib/gcc/arm-none-eabi/7.2.1/../../../../arm-none-eabi/lib/thumb/v7e-m\libcr_c.a(errno.o)
 .ARM.attributes
                0x000004e9       0x33 c:/nxp/mcuxpressoide_10.2.1_795/ide/tools/bin/../lib/gcc/arm-none-eabi/7.2.1/../../../../arm-none-eabi/lib/thumb/v7e-m\libcr_c.a(fclose.o)
 .ARM.attributes
                0x0000051c       0x33 c:/nxp/mcuxpressoide_10.2.1_795/ide/tools/bin/../lib/gcc/arm-none-eabi/7.2.1/../../../../arm-none-eabi/lib/thumb/v7e-m\libcr_c.a(fflush.o)
 .ARM.attributes
                0x0000054f       0x33 c:/nxp/mcuxpressoide_10.2.1_795/ide/tools/bin/../lib/gcc/arm-none-eabi/7.2.1/../../../../arm-none-eabi/lib/thumb/v7e-m\libcr_c.a(remove.o)
 .ARM.attributes
                0x00000582       0x33 c:/nxp/mcuxpressoide_10.2.1_795/ide/tools/bin/../lib/gcc/arm-none-eabi/7.2.1/../../../../arm-none-eabi/lib/thumb/v7e-m\libcr_c.a(strlen.o)
 .ARM.attributes
                0x000005b5       0x33 c:/nxp/mcuxpressoide_10.2.1_795/ide/tools/bin/../lib/gcc/arm-none-eabi/7.2.1/../../../../arm-none-eabi/lib/thumb/v7e-m\libcr_c.a(_cr_check_heap.o)
 .ARM.attributes
                0x000005e8       0x33 c:/nxp/mcuxpressoide_10.2.1_795/ide/tools/bin/../lib/gcc/arm-none-eabi/7.2.1/../../../../arm-none-eabi/lib/thumb/v7e-m\libcr_c.a(_do_fflush.o)
 .ARM.attributes
                0x0000061b       0x21 c:/nxp/mcuxpressoide_10.2.1_795/ide/tools/bin/../lib/gcc/arm-none-eabi/7.2.1/thumb/v7e-m\libcr_eabihelpers.a(division_64.o)
 .ARM.attributes
                0x0000063c       0x21 c:/nxp/mcuxpressoide_10.2.1_795/ide/tools/bin/../lib/gcc/arm-none-eabi/7.2.1/thumb/v7e-m\libcr_eabihelpers.a(division_idiv0.o)
 .ARM.attributes
                0x0000065d       0x21 c:/nxp/mcuxpressoide_10.2.1_795/ide/tools/bin/../lib/gcc/arm-none-eabi/7.2.1/thumb/v7e-m\libcr_eabihelpers.a(memcpy.o)
 .ARM.attributes
                0x0000067e       0x21 c:/nxp/mcuxpressoide_10.2.1_795/ide/tools/bin/../lib/gcc/arm-none-eabi/7.2.1/../../../../arm-none-eabi/lib/thumb/v7e-m\libcr_semihost_nf.a(__sys_close.o)
 .ARM.attributes
                0x0000069f       0x21 c:/nxp/mcuxpressoide_10.2.1_795/ide/tools/bin/../lib/gcc/arm-none-eabi/7.2.1/../../../../arm-none-eabi/lib/thumb/v7e-m\libcr_semihost_nf.a(__sys_flen.o)
 .ARM.attributes
                0x000006c0       0x21 c:/nxp/mcuxpressoide_10.2.1_795/ide/tools/bin/../lib/gcc/arm-none-eabi/7.2.1/../../../../arm-none-eabi/lib/thumb/v7e-m\libcr_semihost_nf.a(__sys_istty.o)
 .ARM.attributes
                0x000006e1       0x21 c:/nxp/mcuxpressoide_10.2.1_795/ide/tools/bin/../lib/gcc/arm-none-eabi/7.2.1/../../../../arm-none-eabi/lib/thumb/v7e-m\libcr_semihost_nf.a(__sys_remove.o)
 .ARM.attributes
                0x00000702       0x21 c:/nxp/mcuxpressoide_10.2.1_795/ide/tools/bin/../lib/gcc/arm-none-eabi/7.2.1/../../../../arm-none-eabi/lib/thumb/v7e-m\libcr_semihost_nf.a(__sys_seek.o)
 .ARM.attributes
                0x00000723       0x21 c:/nxp/mcuxpressoide_10.2.1_795/ide/tools/bin/../lib/gcc/arm-none-eabi/7.2.1/../../../../arm-none-eabi/lib/thumb/v7e-m\libcr_semihost_nf.a(__sys_tmpnam.o)
 .ARM.attributes
                0x00000744       0x21 c:/nxp/mcuxpressoide_10.2.1_795/ide/tools/bin/../lib/gcc/arm-none-eabi/7.2.1/../../../../arm-none-eabi/lib/thumb/v7e-m\libcr_semihost_nf.a(__sys_write.o)

.debug_frame    0x00000000     0x1c50
 .debug_frame   0x00000000      0x9dc ./startup/startup_mk60d10.o
 .debug_frame   0x000009dc       0x20 ./source/semihost_hardfault.o
 .debug_frame   0x000009fc      0x324 ./source/xstupi00.o
 .debug_frame   0x00000d20      0x820 ./drivers/fsl_clock.o
 .debug_frame   0x00001540       0xcc ./drivers/fsl_pit.o
 .debug_frame   0x0000160c      0x5ec ./drivers/fsl_uart.o
 .debug_frame   0x00001bf8       0x58 ./CMSIS/system_MK60D10.o
